{"name":"home","width":1440,"theme":"light","status":200,"url":"http://localhost:3000/","overflow":1440,"axe":[{"id":"button-name","impact":"critical","n":1},{"id":"color-contrast","impact":"serious","n":14},{"id":"heading-order","impact":"moderate","n":1},{"id":"link-name","impact":"serious","n":1}],"console":0,"failed":0,"http":0}
{"name":"jar","width":1440,"theme":"light","status":200,"error":"locator.waitFor: Timeout 30000ms exceeded.\nCall log:\n\u001b[2m  - waiting for getByText('In the jar', { exact: true }) to be visible\u001b[22m\n","console":0,"failed":0,"http":0}
{"name":"jars","width":1440,"theme":"light","status":200,"url":"http://localhost:3000/jars","overflow":1440,"axe":[{"id":"button-name","impact":"critical","n":1},{"id":"color-contrast","impact":"serious","n":2},{"id":"page-has-heading-one","impact":"moderate","n":1}],"console":1,"failed":2,"http":0}
{"name":"create","width":1440,"theme":"light","status":200,"url":"http://localhost:3000/create","overflow":1440,"axe":[{"id":"button-name","impact":"critical","n":1},{"id":"color-contrast","impact":"serious","n":1},{"id":"heading-order","impact":"moderate","n":1}],"console":0,"failed":0,"http":0}
{"name":"profile","width":1440,"theme":"light","status":200,"url":"http://localhost:3000/","overflow":1440,"axe":[{"id":"button-name","impact":"critical","n":1},{"id":"color-contrast","impact":"serious","n":14},{"id":"heading-order","impact":"moderate","n":1},{"id":"link-name","impact":"serious","n":1}],"console":0,"failed":1,"http":0}
{"name":"bad-address","width":1440,"theme":"light","status":200,"url":"http://localhost:3000/jar/not-an-address","overflow":1440,"axe":[{"id":"color-contrast","impact":"serious","n":1},{"id":"page-has-heading-one","impact":"moderate","n":1}],"console":0,"failed":0,"http":0}
{"name":"not-found","width":1440,"theme":"light","status":404,"url":"http://localhost:3000/qa-no-such-page","overflow":1440,"axe":[{"id":"color-contrast","impact":"serious","n":1}],"console":1,"failed":0,"http":1}
{"name":"home","width":1440,"theme":"dark","status":200,"url":"http://localhost:3000/","overflow":1440,"axe":[{"id":"button-name","impact":"critical","n":1},{"id":"color-contrast","impact":"serious","n":1},{"id":"heading-order","impact":"moderate","n":1},{"id":"link-name","impact":"serious","n":1}],"console":1,"failed":0,"http":0}
{"name":"jar","width":1440,"theme":"dark","status":200,"error":"locator.waitFor: Timeout 30000ms exceeded.\nCall log:\n\u001b[2m  - waiting for getByText('In the jar', { exact: true }) to be visible\u001b[22m\n","console":2,"failed":0,"http":0}
{"name":"jars","width":1440,"theme":"dark","status":200,"url":"http://localhost:3000/jars","overflow":1440,"axe":[{"id":"button-name","impact":"critical","n":1},{"id":"color-contrast","impact":"serious","n":1},{"id":"page-has-heading-one","impact":"moderate","n":1}],"console":2,"failed":2,"http":0}
{"name":"create","width":1440,"theme":"dark","status":200,"url":"http://localhost:3000/create","overflow":1440,"axe":[{"id":"button-name","impact":"critical","n":1},{"id":"heading-order","impact":"moderate","n":1}],"console":1,"failed":0,"http":0}
{"name":"profile","width":1440,"theme":"dark","status":200,"url":"http://localhost:3000/","overflow":1440,"axe":[{"id":"button-name","impact":"critical","n":1},{"id":"color-contrast","impact":"serious","n":1},{"id":"heading-order","impact":"moderate","n":1},{"id":"link-name","impact":"serious","n":1}],"console":1,"failed":1,"http":0}
{"name":"bad-address","width":1440,"theme":"dark","status":200,"url":"http://localhost:3000/jar/not-an-address","overflow":1440,"axe":[{"id":"page-has-heading-one","impact":"moderate","n":1}],"console":1,"failed":0,"http":0}
{"name":"not-found","width":1440,"theme":"dark","status":404,"url":"http://localhost:3000/qa-no-such-page","overflow":1440,"axe":[],"console":2,"failed":0,"http":1}
{"name":"home","width":375,"theme":"light","status":200,"url":"http://localhost:3000/","overflow":375,"axe":[{"id":"button-name","impact":"critical","n":1},{"id":"color-contrast","impact":"serious","n":13},{"id":"heading-order","impact":"moderate","n":1},{"id":"link-name","impact":"serious","n":1}],"console":0,"failed":0,"http":0}
{"name":"jar","width":375,"theme":"light","status":200,"error":"locator.waitFor: Timeout 30000ms exceeded.\nCall log:\n\u001b[2m  - waiting for getByText('In the jar', { exact: true }) to be visible\u001b[22m\n","console":0,"failed":0,"http":0}
{"name":"jars","width":375,"theme":"light","status":200,"url":"http://localhost:3000/jars","overflow":375,"axe":[{"id":"button-name","impact":"critical","n":1},{"id":"color-contrast","impact":"serious","n":1},{"id":"page-has-heading-one","impact":"moderate","n":1}],"console":1,"failed":2,"http":0}
{"name":"create","width":375,"theme":"light","status":200,"url":"http://localhost:3000/create","overflow":375,"axe":[{"id":"button-name","impact":"critical","n":1},{"id":"heading-order","impact":"moderate","n":1}],"console":0,"failed":0,"http":0}
{"name":"profile","width":375,"theme":"light","status":200,"url":"http://localhost:3000/profile","overflow":375,"axe":[{"id":"heading-order","impact":"moderate","n":1}],"console":0,"failed":0,"http":0}
{"name":"bad-address","width":375,"theme":"light","status":200,"url":"http://localhost:3000/jar/not-an-address","overflow":375,"axe":[{"id":"page-has-heading-one","impact":"moderate","n":1}],"console":0,"failed":0,"http":0}
{"name":"not-found","width":375,"theme":"light","status":404,"url":"http://localhost:3000/qa-no-such-page","overflow":375,"axe":[],"console":1,"failed":0,"http":1}
{"name":"home","width":375,"theme":"dark","status":200,"url":"http://localhost:3000/","overflow":375,"axe":[{"id":"button-name","impact":"critical","n":1},{"id":"color-contrast","impact":"serious","n":1},{"id":"heading-order","impact":"moderate","n":1},{"id":"link-name","impact":"serious","n":1}],"console":1,"failed":0,"http":0}
{"name":"jar","width":375,"theme":"dark","status":200,"error":"locator.waitFor: Timeout 30000ms exceeded.\nCall log:\n\u001b[2m  - waiting for getByText('In the jar', { exact: true }) to be visible\u001b[22m\n","console":1,"failed":0,"http":0}
{"name":"jars","width":375,"theme":"dark","status":200,"url":"http://localhost:3000/jars","overflow":375,"axe":[{"id":"button-name","impact":"critical","n":1},{"id":"color-contrast","impact":"serious","n":1},{"id":"page-has-heading-one","impact":"moderate","n":1}],"console":2,"failed":2,"http":0}
{"name":"create","width":375,"theme":"dark","status":200,"url":"http://localhost:3000/create","overflow":375,"axe":[{"id":"button-name","impact":"critical","n":1},{"id":"heading-order","impact":"moderate","n":1}],"console":1,"failed":0,"http":0}
{"name":"profile","width":375,"theme":"dark","status":200,"url":"http://localhost:3000/profile","overflow":375,"axe":[{"id":"color-contrast","impact":"serious","n":1},{"id":"heading-order","impact":"moderate","n":1}],"console":1,"failed":0,"http":0}
{"name":"bad-address","width":375,"theme":"dark","status":200,"url":"http://localhost:3000/jar/not-an-address","overflow":375,"axe":[{"id":"page-has-heading-one","impact":"moderate","n":1}],"console":1,"failed":0,"http":0}
{"name":"not-found","width":375,"theme":"dark","status":404,"url":"http://localhost:3000/qa-no-such-page","overflow":375,"axe":[],"console":2,"failed":0,"http":1}
