$ playwright test --config=playwright.stipend.config.ts

Running 36 tests using 1 worker

(node:75734) Warning: The 'NO_COLOR' env is ignored due to the 'FORCE_COLOR' env being set.
(Use `node --trace-warnings ...` to show where the warning was created)
  ✓   1 [desktop] › e2e/admin-functions.spec.ts:9:5 › owner updates the maximum and interval, pauses, and withdraws emergency funds (4.6s)
  ✓   2 [desktop] › e2e/featured-jar.spec.ts:6:6 › Featured jar home › renders the featured jar with claim, deposit and history (1.4s)
  ✓   3 [desktop] › e2e/featured-jar.spec.ts:44:6 › Featured jar home › keeps the generic routes reachable (1.9s)
  ✓   4 [desktop] › e2e/featured-jar.spec.ts:51:6 › Featured jar home › has no bottom app bar on mobile (1.2s)
  ✓   5 [desktop] › e2e/jar-creation.spec.ts:10:5 › creates a custom jar directly through the local factory and opens the chain-aware link (12.2s)
  ✓   6 [desktop] › e2e/jar-creation.spec.ts:54:5 › connecting on the creation network waits for an explicit final submit (2.9s)
  ✓   7 [desktop] › e2e/jar-creation.spec.ts:97:5 › preset stays editable and wallet connection returns to review without a write (3.9s)
  ✓   8 [desktop] › e2e/jar-creation.spec.ts:162:5 › custom creation review has no unsupported streaming controls and passes accessibility (3.3s)
  ✓   9 [desktop] › e2e/jar-operations.spec.ts:10:5 › claim and deposit update the seeded stipend jar and enforce the interval (4.0s)
  ✓  10 [desktop] › e2e/jar-operations.spec.ts:86:5 › wrong network disables local jar writes (4.1s)
  ✓  11 [desktop] › e2e/stipend-navigation.spec.ts:2:5 › standalone links survive refresh and browser back navigation (2.4s)
  ✓  12 [desktop] › e2e/stipend-navigation.spec.ts:15:5 › generic production build keeps its own home and custom creation UI (1.2s)
  ✓  13 [desktop] › e2e/stipend-release-qa.spec.ts:18:7 › route evidence 375 light (10.4s)
  ✓  14 [desktop] › e2e/stipend-release-qa.spec.ts:18:7 › route evidence 375 dark (9.8s)
  ✓  15 [desktop] › e2e/stipend-release-qa.spec.ts:18:7 › route evidence 1440 light (10.4s)
  ✓  16 [desktop] › e2e/stipend-release-qa.spec.ts:18:7 › route evidence 1440 dark (9.4s)
  ✓  17 [desktop] › e2e/stipend-release-qa.spec.ts:132:5 › security headers and social image metadata (25ms)
  ✓  18 [desktop] › e2e/stipend-release-qa.spec.ts:151:5 › error boundary catches a controlled render failure and recovers (2.4s)
(node:86317) Warning: The 'NO_COLOR' env is ignored due to the 'FORCE_COLOR' env being set.
(Use `node --trace-warnings ...` to show where the warning was created)
  ✓  19 [mobile] › e2e/admin-functions.spec.ts:9:5 › owner updates the maximum and interval, pauses, and withdraws emergency funds (3.3s)
  ✓  20 [mobile] › e2e/featured-jar.spec.ts:6:6 › Featured jar home › renders the featured jar with claim, deposit and history (874ms)
  ✓  21 [mobile] › e2e/featured-jar.spec.ts:44:6 › Featured jar home › keeps the generic routes reachable (1.4s)
  ✓  22 [mobile] › e2e/featured-jar.spec.ts:51:6 › Featured jar home › has no bottom app bar on mobile (1.0s)
  ✓  23 [mobile] › e2e/jar-creation.spec.ts:10:5 › creates a custom jar directly through the local factory and opens the chain-aware link (2.9s)
  ✓  24 [mobile] › e2e/jar-creation.spec.ts:54:5 › connecting on the creation network waits for an explicit final submit (2.3s)
  ✓  25 [mobile] › e2e/jar-creation.spec.ts:97:5 › preset stays editable and wallet connection returns to review without a write (3.9s)
  ✓  26 [mobile] › e2e/jar-creation.spec.ts:162:5 › custom creation review has no unsupported streaming controls and passes accessibility (3.3s)
  ✓  27 [mobile] › e2e/jar-operations.spec.ts:10:5 › claim and deposit update the seeded stipend jar and enforce the interval (5.6s)
  ✓  28 [mobile] › e2e/jar-operations.spec.ts:86:5 › wrong network disables local jar writes (3.4s)
  ✓  29 [mobile] › e2e/stipend-navigation.spec.ts:2:5 › standalone links survive refresh and browser back navigation (2.5s)
  ✓  30 [mobile] › e2e/stipend-navigation.spec.ts:15:5 › generic production build keeps its own home and custom creation UI (1.4s)
  ✓  31 [mobile] › e2e/stipend-release-qa.spec.ts:18:7 › route evidence 375 light (12.5s)
  ✓  32 [mobile] › e2e/stipend-release-qa.spec.ts:18:7 › route evidence 375 dark (12.4s)
  ✓  33 [mobile] › e2e/stipend-release-qa.spec.ts:18:7 › route evidence 1440 light (15.0s)
  ✓  34 [mobile] › e2e/stipend-release-qa.spec.ts:18:7 › route evidence 1440 dark (16.6s)
  ✓  35 [mobile] › e2e/stipend-release-qa.spec.ts:132:5 › security headers and social image metadata (62ms)
  ✓  36 [mobile] › e2e/stipend-release-qa.spec.ts:151:5 › error boundary catches a controlled render failure and recovers (3.1s)

  36 passed (3.1m)
