$ playwright test --config=playwright.stipend.config.ts "e2e/stipend-ui.spec.ts" "e2e/stipend-release-qa.spec.ts"

Running 36 tests using 1 worker

(node:83010) Warning: The 'NO_COLOR' env is ignored due to the 'FORCE_COLOR' env being set.
(Use `node --trace-warnings ...` to show where the warning was created)
  ✓   1 [desktop] › e2e/stipend-release-qa.spec.ts:18:7 › route evidence 375 light (15.0s)
  ✓   2 [desktop] › e2e/stipend-release-qa.spec.ts:18:7 › route evidence 375 dark (13.9s)
  ✓   3 [desktop] › e2e/stipend-release-qa.spec.ts:18:7 › route evidence 1440 light (15.8s)
  ✓   4 [desktop] › e2e/stipend-release-qa.spec.ts:18:7 › route evidence 1440 dark (16.3s)
  ✓   5 [desktop] › e2e/stipend-release-qa.spec.ts:132:5 › security headers and social image metadata (138ms)
  ✓   6 [desktop] › e2e/stipend-release-qa.spec.ts:158:5 › error boundary catches a controlled render failure and recovers (5.2s)
  ✓   7 [desktop] › e2e/stipend-ui.spec.ts:6:7 › stipend readability and accessibility light 375 (3.3s)
  ✓   8 [desktop] › e2e/stipend-ui.spec.ts:6:7 › stipend readability and accessibility light 1440 (2.8s)
  ✓   9 [desktop] › e2e/stipend-ui.spec.ts:6:7 › stipend readability and accessibility dark 375 (3.8s)
  ✓  10 [desktop] › e2e/stipend-ui.spec.ts:6:7 › stipend readability and accessibility dark 1440 (2.5s)
  ✓  11 [desktop] › e2e/stipend-ui.spec.ts:57:5 › jar search is labelled and jar navigation works with the keyboard (1.5s)
  ✓  12 [desktop] › e2e/stipend-ui.spec.ts:74:7 › route accessibility /jars light (2.3s)
  ✓  13 [desktop] › e2e/stipend-ui.spec.ts:74:7 › route accessibility /jars dark (2.3s)
  ✓  14 [desktop] › e2e/stipend-ui.spec.ts:74:7 › route accessibility /profile light (1.7s)
  ✓  15 [desktop] › e2e/stipend-ui.spec.ts:74:7 › route accessibility /profile dark (1.7s)
  ✓  16 [desktop] › e2e/stipend-ui.spec.ts:74:7 › route accessibility /create light (2.2s)
  ✓  17 [desktop] › e2e/stipend-ui.spec.ts:74:7 › route accessibility /create dark (1.9s)
  ✓  18 [desktop] › e2e/stipend-ui.spec.ts:96:5 › creation checkboxes have 44 px touch targets (1.5s)
(node:88329) Warning: The 'NO_COLOR' env is ignored due to the 'FORCE_COLOR' env being set.
(Use `node --trace-warnings ...` to show where the warning was created)
  ✓  19 [mobile] › e2e/stipend-release-qa.spec.ts:18:7 › route evidence 375 light (11.8s)
  ✓  20 [mobile] › e2e/stipend-release-qa.spec.ts:18:7 › route evidence 375 dark (11.6s)
  ✓  21 [mobile] › e2e/stipend-release-qa.spec.ts:18:7 › route evidence 1440 light (14.6s)
  ✓  22 [mobile] › e2e/stipend-release-qa.spec.ts:18:7 › route evidence 1440 dark (14.2s)
  ✓  23 [mobile] › e2e/stipend-release-qa.spec.ts:132:5 › security headers and social image metadata (67ms)
  ✓  24 [mobile] › e2e/stipend-release-qa.spec.ts:158:5 › error boundary catches a controlled render failure and recovers (3.7s)
  ✓  25 [mobile] › e2e/stipend-ui.spec.ts:6:7 › stipend readability and accessibility light 375 (2.4s)
  ✓  26 [mobile] › e2e/stipend-ui.spec.ts:6:7 › stipend readability and accessibility light 1440 (2.9s)
  ✓  27 [mobile] › e2e/stipend-ui.spec.ts:6:7 › stipend readability and accessibility dark 375 (2.2s)
  ✓  28 [mobile] › e2e/stipend-ui.spec.ts:6:7 › stipend readability and accessibility dark 1440 (2.6s)
  ✓  29 [mobile] › e2e/stipend-ui.spec.ts:57:5 › jar search is labelled and jar navigation works with the keyboard (1.2s)
  ✓  30 [mobile] › e2e/stipend-ui.spec.ts:74:7 › route accessibility /jars light (2.3s)
  ✓  31 [mobile] › e2e/stipend-ui.spec.ts:74:7 › route accessibility /jars dark (2.4s)
  ✓  32 [mobile] › e2e/stipend-ui.spec.ts:74:7 › route accessibility /profile light (1.6s)
  ✓  33 [mobile] › e2e/stipend-ui.spec.ts:74:7 › route accessibility /profile dark (1.6s)
  ✓  34 [mobile] › e2e/stipend-ui.spec.ts:74:7 › route accessibility /create light (1.9s)
  ✓  35 [mobile] › e2e/stipend-ui.spec.ts:74:7 › route accessibility /create dark (1.9s)
  ✓  36 [mobile] › e2e/stipend-ui.spec.ts:96:5 › creation checkboxes have 44 px touch targets (1.5s)

  36 passed (3.0m)
