
Running 16 tests using 1 worker

(node:55577) Warning: The 'NO_COLOR' env is ignored due to the 'FORCE_COLOR' env being set.
(Use `node --trace-warnings ...` to show where the warning was created)
  ✓   1 [Desktop Chrome] › e2e/admin-functions.spec.ts:9:5 › owner updates the maximum and interval, pauses, and withdraws emergency funds (6.6s)
  ✓   2 [Desktop Chrome] › e2e/featured-jar.spec.ts:6:6 › Featured jar home › renders the featured jar with claim, deposit and history (3.4s)
  ✓   3 [Desktop Chrome] › e2e/featured-jar.spec.ts:44:6 › Featured jar home › keeps the generic routes reachable (1.1s)
  ✓   4 [Desktop Chrome] › e2e/featured-jar.spec.ts:51:6 › Featured jar home › has no bottom app bar on mobile (26.3s)
  ✓   5 [Desktop Chrome] › e2e/jar-creation.spec.ts:9:5 › creates a custom jar directly through the local factory and opens the chain-aware link (14.5s)
  ✓   6 [Desktop Chrome] › e2e/jar-creation.spec.ts:54:5 › preset stays editable and wallet connection returns to review without a write (10.1s)
  ✓   7 [Desktop Chrome] › e2e/jar-operations.spec.ts:10:5 › claim and deposit update the seeded stipend jar and enforce the interval (5.5s)
  ✓   8 [Desktop Chrome] › e2e/jar-operations.spec.ts:69:5 › wrong network disables local jar writes (5.7s)
(node:63085) Warning: The 'NO_COLOR' env is ignored due to the 'FORCE_COLOR' env being set.
(Use `node --trace-warnings ...` to show where the warning was created)
  ✓   9 [Mobile Chrome] › e2e/admin-functions.spec.ts:9:5 › owner updates the maximum and interval, pauses, and withdraws emergency funds (5.7s)
  ✓  10 [Mobile Chrome] › e2e/featured-jar.spec.ts:6:6 › Featured jar home › renders the featured jar with claim, deposit and history (16.5s)
  ✓  11 [Mobile Chrome] › e2e/featured-jar.spec.ts:44:6 › Featured jar home › keeps the generic routes reachable (869ms)
  ✓  12 [Mobile Chrome] › e2e/featured-jar.spec.ts:51:6 › Featured jar home › has no bottom app bar on mobile (390ms)
  ✓  13 [Mobile Chrome] › e2e/jar-creation.spec.ts:9:5 › creates a custom jar directly through the local factory and opens the chain-aware link (8.3s)
  ✓  14 [Mobile Chrome] › e2e/jar-creation.spec.ts:54:5 › preset stays editable and wallet connection returns to review without a write (5.8s)
  ✓  15 [Mobile Chrome] › e2e/jar-operations.spec.ts:10:5 › claim and deposit update the seeded stipend jar and enforce the interval (5.1s)
  ✓  16 [Mobile Chrome] › e2e/jar-operations.spec.ts:69:5 › wrong network disables local jar writes (5.2s)

  16 passed (2.1m)
