{"width":375,"theme":"light","errors":[],"streaming":"Not configured during creation","screenshot":"/tmp/stipend-streaming-proof-ABcY5I/375-light.png"}
ExpectError: expect(received).toEqual(expected) // deep equality

- Expected  -   1
+ Received  + 146

- Array []
+ Array [
+   Object {
+     "description": "Ensure the contrast between foreground and background colors meets WCAG 2 AA minimum contrast ratio thresholds",
+     "help": "Elements must meet minimum color contrast ratio thresholds",
+     "helpUrl": "https://dequeuniversity.com/rules/axe/4.13/color-contrast?application=playwright",
+     "id": "color-contrast",
+     "impact": "serious",
+     "nodes": Array [
+       Object {
+         "all": Array [],
+         "any": Array [
+           Object {
+             "data": Object {
+               "bgColor": "#8c8e92",
+               "contrastRatio": 3.03,
+               "expectedContrastRatio": "4.5:1",
+               "fgColor": "#f6f6f4",
+               "fontSize": "12.0pt (16px)",
+               "fontWeight": "normal",
+               "messageKey": null,
+             },
+             "id": "color-contrast",
+             "impact": "serious",
+             "message": "Element has insufficient color contrast of 3.03 (foreground color: #f6f6f4, background color: #8c8e92, font size: 12.0pt (16px), font weight: normal). Expected contrast ratio of 4.5:1",
+             "relatedNodes": Array [
+               Object {
+                 "html": "<div class=\"space-y-4 p-4 border rounded-lg bg-blue-50/50\">",
+                 "target": Array [
+                   ".bg-blue-50\\/50",
+                 ],
+               },
+               Object {
+                 "html": "<div class=\"rounded-lg border bg-card text-card-foreground shadow-lg\">",
+                 "target": Array [
+                   ".text-card-foreground",
+                 ],
+               },
+             ],
+           },
+         ],
+         "failureSummary": "Fix any of the following:
+   Element has insufficient color contrast of 3.03 (foreground color: #f6f6f4, background color: #8c8e92, font size: 12.0pt (16px), font weight: normal). Expected contrast ratio of 4.5:1",
+         "html": "<h4 class=\"font-medium text-base flex items-center gap-2\"><span class=\"w-2 h-2 bg-blue-500 rounded-full\"></span>Advanced Features<span class=\"text-xs bg-blue-100 text-blue-800 px-2 py-1 rounded\">v2 Enhanced</span></h4>",
+         "impact": "serious",
+         "none": Array [],
+         "target": Array [
+           ".bg-blue-50\\/50 > .text-base",
+         ],
+       },
+       Object {
+         "all": Array [],
+         "any": Array [
+           Object {
+             "data": Object {
+               "bgColor": "#8c8e92",
+               "contrastRatio": 1.3,
+               "expectedContrastRatio": "4.5:1",
+               "fgColor": "#a8a29f",
+               "fontSize": "10.5pt (14px)",
+               "fontWeight": "normal",
+               "messageKey": null,
+             },
+             "id": "color-contrast",
+             "impact": "serious",
+             "message": "Element has insufficient color contrast of 1.3 (foreground color: #a8a29f, background color: #8c8e92, font size: 10.5pt (14px), font weight: normal). Expected contrast ratio of 4.5:1",
+             "relatedNodes": Array [
+               Object {
+                 "html": "<div class=\"space-y-4 p-4 border rounded-lg bg-blue-50/50\">",
+                 "target": Array [
+                   ".bg-blue-50\\/50",
+                 ],
+               },
+               Object {
+                 "html": "<div class=\"rounded-lg border bg-card text-card-foreground shadow-lg\">",
+                 "target": Array [
+                   ".text-card-foreground",
+                 ],
+               },
+             ],
+           },
+         ],
+         "failureSummary": "Fix any of the following:
+   Element has insufficient color contrast of 1.3 (foreground color: #a8a29f, background color: #8c8e92, font size: 10.5pt (14px), font weight: normal). Expected contrast ratio of 4.5:1",
+         "html": "<p class=\"text-sm text-muted-foreground\">Token streaming cannot be configured during jar creation.</p>",
+         "impact": "serious",
+         "none": Array [],
+         "target": Array [
+           ".bg-blue-50\\/50 > .space-y-4 > .text-muted-foreground",
+         ],
+       },
+       Object {
+         "all": Array [],
+         "any": Array [
+           Object {
+             "data": Object {
+               "bgColor": "#8c8e92",
+               "contrastRatio": 3.03,
+               "expectedContrastRatio": "4.5:1",
+               "fgColor": "#f6f6f4",
+               "fontSize": "10.5pt (14px)",
+               "fontWeight": "normal",
+               "messageKey": null,
+             },
+             "id": "color-contrast",
+             "impact": "serious",
+             "message": "Element has insufficient color contrast of 3.03 (foreground color: #f6f6f4, background color: #8c8e92, font size: 10.5pt (14px), font weight: normal). Expected contrast ratio of 4.5:1",
+             "relatedNodes": Array [
+               Object {
+                 "html": "<div class=\"space-y-4 p-4 border rounded-lg bg-blue-50/50\">",
+                 "target": Array [
+                   ".bg-blue-50\\/50",
+                 ],
+               },
+               Object {
+                 "html": "<div class=\"rounded-lg border bg-card text-card-foreground shadow-lg\">",
+                 "target": Array [
+                   ".text-card-foreground",
+                 ],
+               },
+             ],
+           },
+         ],
+         "failureSummary": "Fix any of the following:
+   Element has insufficient color contrast of 3.03 (foreground color: #f6f6f4, background color: #8c8e92, font size: 10.5pt (14px), font weight: normal). Expected contrast ratio of 4.5:1",
+         "html": "<label class=\"font-medium peer-disabled:cursor-not-allowed peer-disabled:opacity-70 text-sm\" for=\"enableAutoSwap\">Enable auto-swap for ETH deposits</label>",
+         "impact": "serious",
+         "none": Array [],
+         "target": Array [
+           "label[for=\"enableAutoSwap\"]",
+         ],
+       },
+     ],
+     "tags": Array [
+       "cat.color",
+       "wcag2aa",
+       "wcag143",
+       "TTv5",
+       "TT13.c",
+       "EN-301-549",
+       "EN-9.1.4.3",
+       "ACT",
+       "RGAAv4",
+       "RGAA-3.2.1",
+     ],
+   },
+ ]
    at captureRawStack (/Users/afo/Code/greenpill/cookie-jar/node_modules/.bun/playwright-core@1.62.1/node_modules/playwright-core/lib/coreBundle.js:9681:17)
    at callMatcherAsStep (/Users/afo/Code/greenpill/cookie-jar/node_modules/.bun/playwright@1.62.1/node_modules/playwright/lib/matchers/expect.js:13310:57)
    at Object.toEqual (/Users/afo/Code/greenpill/cookie-jar/node_modules/.bun/playwright@1.62.1/node_modules/playwright/lib/matchers/expect.js:13300:23)
    at /private/tmp/stipend-streaming-proof.cjs:26:26 {
  matcherResult: {
    actual: [ [Object] ],
    expected: [],
    message: 'expect(received).toEqual(expected) // deep equality\n' +
      '\n' +
      '- Expected  -   1\n' +
      '+ Received  + 146\n' +
      '\n' +
      '- Array []\n' +
      '+ Array [\n' +
      '+   Object {\n' +
      '+     "description": "Ensure the contrast between foreground and background colors meets WCAG 2 AA minimum contrast ratio thresholds",\n' +
      '+     "help": "Elements must meet minimum color contrast ratio thresholds",\n' +
      '+     "helpUrl": "https://dequeuniversity.com/rules/axe/4.13/color-contrast?application=playwright",\n' +
      '+     "id": "color-contrast",\n' +
      '+     "impact": "serious",\n' +
      '+     "nodes": Array [\n' +
      '+       Object {\n' +
      '+         "all": Array [],\n' +
      '+         "any": Array [\n' +
      '+           Object {\n' +
      '+             "data": Object {\n' +
      '+               "bgColor": "#8c8e92",\n' +
      '+               "contrastRatio": 3.03,\n' +
      '+               "expectedContrastRatio": "4.5:1",\n' +
      '+               "fgColor": "#f6f6f4",\n' +
      '+               "fontSize": "12.0pt (16px)",\n' +
      '+               "fontWeight": "normal",\n' +
      '+               "messageKey": null,\n' +
      '+             },\n' +
      '+             "id": "color-contrast",\n' +
      '+             "impact": "serious",\n' +
      '+             "message": "Element has insufficient color contrast of 3.03 (foreground color: #f6f6f4, background color: #8c8e92, font size: 12.0pt (16px), font weight: normal). Expected contrast ratio of 4.5:1",\n' +
      '+             "relatedNodes": Array [\n' +
      '+               Object {\n' +
      '+                 "html": "<div class=\\"space-y-4 p-4 border rounded-lg bg-blue-50/50\\">",\n' +
      '+                 "target": Array [\n' +
      '+                   ".bg-blue-50\\\\/50",\n' +
      '+                 ],\n' +
      '+               },\n' +
      '+               Object {\n' +
      '+                 "html": "<div class=\\"rounded-lg border bg-card text-card-foreground shadow-lg\\">",\n' +
      '+                 "target": Array [\n' +
      '+                   ".text-card-foreground",\n' +
      '+                 ],\n' +
      '+               },\n' +
      '+             ],\n' +
      '+           },\n' +
      '+         ],\n' +
      '+         "failureSummary": "Fix any of the following:\n' +
      '+   Element has insufficient color contrast of 3.03 (foreground color: #f6f6f4, background color: #8c8e92, font size: 12.0pt (16px), font weight: normal). Expected contrast ratio of 4.5:1",\n' +
      '+         "html": "<h4 class=\\"font-medium text-base flex items-center gap-2\\"><span class=\\"w-2 h-2 bg-blue-500 rounded-full\\"></span>Advanced Features<span class=\\"text-xs bg-blue-100 text-blue-800 px-2 py-1 rounded\\">v2 Enhanced</span></h4>",\n' +
      '+         "impact": "serious",\n' +
      '+         "none": Array [],\n' +
      '+         "target": Array [\n' +
      '+           ".bg-blue-50\\\\/50 > .text-base",\n' +
      '+         ],\n' +
      '+       },\n' +
      '+       Object {\n' +
      '+         "all": Array [],\n' +
      '+         "any": Array [\n' +
      '+           Object {\n' +
      '+             "data": Object {\n' +
      '+               "bgColor": "#8c8e92",\n' +
      '+               "contrastRatio": 1.3,\n' +
      '+               "expectedContrastRatio": "4.5:1",\n' +
      '+               "fgColor": "#a8a29f",\n' +
      '+               "fontSize": "10.5pt (14px)",\n' +
      '+               "fontWeight": "normal",\n' +
      '+               "messageKey": null,\n' +
      '+             },\n' +
      '+             "id": "color-contrast",\n' +
      '+             "impact": "serious",\n' +
      '+             "message": "Element has insufficient color contrast of 1.3 (foreground color: #a8a29f, background color: #8c8e92, font size: 10.5pt (14px), font weight: normal). Expected contrast ratio of 4.5:1",\n' +
      '+             "relatedNodes": Array [\n' +
      '+               Object {\n' +
      '+                 "html": "<div class=\\"space-y-4 p-4 border rounded-lg bg-blue-50/50\\">",\n' +
      '+                 "target": Array [\n' +
      '+                   ".bg-blue-50\\\\/50",\n' +
      '+                 ],\n' +
      '+               },\n' +
      '+               Object {\n' +
      '+                 "html": "<div class=\\"rounded-lg border bg-card text-card-foreground shadow-lg\\">",\n' +
      '+                 "target": Array [\n' +
      '+                   ".text-card-foreground",\n' +
      '+                 ],\n' +
      '+               },\n' +
      '+             ],\n' +
      '+           },\n' +
      '+         ],\n' +
      '+         "failureSummary": "Fix any of the following:\n' +
      '+   Element has insufficient color contrast of 1.3 (foreground color: #a8a29f, background color: #8c8e92, font size: 10.5pt (14px), font weight: normal). Expected contrast ratio of 4.5:1",\n' +
      '+         "html": "<p class=\\"text-sm text-muted-foreground\\">Token streaming cannot be configured during jar creation.</p>",\n' +
      '+         "impact": "serious",\n' +
      '+         "none": Array [],\n' +
      '+         "target": Array [\n' +
      '+           ".bg-blue-50\\\\/50 > .space-y-4 > .text-muted-foreground",\n' +
      '+         ],\n' +
      '+       },\n' +
      '+       Object {\n' +
      '+         "all": Array [],\n' +
      '+         "any": Array [\n' +
      '+           Object {\n' +
      '+             "data": Object {\n' +
      '+               "bgColor": "#8c8e92",\n' +
      '+               "contrastRatio": 3.03,\n' +
      '+               "expectedContrastRatio": "4.5:1",\n' +
      '+               "fgColor": "#f6f6f4",\n' +
      '+               "fontSize": "10.5pt (14px)",\n' +
      '+               "fontWeight": "normal",\n' +
      '+               "messageKey": null,\n' +
      '+             },\n' +
      '+             "id": "color-contrast",\n' +
      '+             "impact": "serious",\n' +
      '+             "message": "Element has insufficient color contrast of 3.03 (foreground color: #f6f6f4, background color: #8c8e92, font size: 10.5pt (14px), font weight: normal). Expected contrast ratio of 4.5:1",\n' +
      '+             "relatedNodes": Array [\n' +
      '+               Object {\n' +
      '+                 "html": "<div class=\\"space-y-4 p-4 border rounded-lg bg-blue-50/50\\">",\n' +
      '+                 "target": Array [\n' +
      '+                   ".bg-blue-50\\\\/50",\n' +
      '+                 ],\n' +
      '+               },\n' +
      '+               Object {\n' +
      '+                 "html": "<div class=\\"rounded-lg border bg-card text-card-foreground shadow-lg\\">",\n' +
      '+                 "target": Array [\n' +
      '+                   ".text-card-foreground",\n' +
      '+                 ],\n' +
      '+               },\n' +
      '+             ],\n' +
      '+           },\n' +
      '+         ],\n' +
      '+         "failureSummary": "Fix any of the following:\n' +
      '+   Element has insufficient color contrast of 3.03 (foreground color: #f6f6f4, background color: #8c8e92, font size: 10.5pt (14px), font weight: normal). Expected contrast ratio of 4.5:1",\n' +
      '+         "html": "<label class=\\"font-medium peer-disabled:cursor-not-allowed peer-disabled:opacity-70 text-sm\\" for=\\"enableAutoSwap\\">Enable auto-swap for ETH deposits</label>",\n' +
      '+         "impact": "serious",\n' +
      '+         "none": Array [],\n' +
      '+         "target": Array [\n' +
      '+           "label[for=\\"enableAutoSwap\\"]",\n' +
      '+         ],\n' +
      '+       },\n' +
      '+     ],\n' +
      '+     "tags": Array [\n' +
      '+       "cat.color",\n' +
      '+       "wcag2aa",\n' +
      '+       "wcag143",\n' +
      '+       "TTv5",\n' +
      '+       "TT13.c",\n' +
      '+       "EN-301-549",\n' +
      '+       "EN-9.1.4.3",\n' +
      '+       "ACT",\n' +
      '+       "RGAAv4",\n' +
      '+       "RGAA-3.2.1",\n' +
      '+     ],\n' +
      '+   },\n' +
      '+ ]',
    name: 'toEqual',
    pass: false
  }
}
